Generating Abstract Syntaxic Tree
Programme:
 Fonction: Name=function TypeRetour=0
     Param:
      Declaration: Name=a Type=3
     Bloc:
      Instruction: AppelFunction: Name=putchar Expression: Variable: Type=0 Valeur=a 

 Fonction: Name=main TypeRetour=0
     Bloc:
      Instruction: AppelFunction: Name=function Expression: Variable: Type=2 Valeur='a' 


Fin
