Generating Abstract Syntaxic Tree
Programme:
 Fonction: Name=main TypeRetour=0
     Param:
      DeclarationTab: Name=a Type=3 Size=0
     Bloc:
      Instruction: AppelFunction: Name=appel Expression: VariableIndex: Type=0 Valeur=a  Tab=Expression: Variable: Type=1 Valeur=1 

 Fonction: Name=appel TypeRetour=0
     Param:
      Declaration: Name=c Type=3
     Bloc:


Fin