Generating Abstract Syntaxic Tree
Programme:
 Fonction: Name=main TypeRetour=0
     Bloc:
      Instruction: Declaration: Name=a Type=1
      Instruction: Affectation:  Variable: Type=0 Valeur=a  Operateur=0 Expression: OperationBinaire: Expression: Variable: Type=1 Valeur=0  Operateur=25 Expression: Variable: Type=1 Valeur=0 

      Instruction: Affectation:  Variable: Type=0 Valeur=a  Operateur=0 Expression: OperationBinaire: Expression: Variable: Type=0 Valeur=a  Operateur=13 Expression: Variable: Type=1 Valeur=40 

      Instruction: AppelFunction: Name=putchar Variable: Type=0 Valeur=a 


Fin

